// Jest Snapshot v1, https://goo.gl/fbAQLP

exports[`renders correctly 1`] = `
<div
  className="droppableMap draggingOver"
>
  <div
    className="mapWrapper"
  >
    <img
      alt="map"
      className="map"
      src="testMap1"
    />
    <img
      alt="testId1"
      src="testUrl1"
      style={
        Object {
          "left": 100,
          "position": "absolute",
          "top": 100,
        }
      }
    />
    <img
      alt="testId2"
      src="testUrl2"
      style={
        Object {
          "left": 200,
          "position": "absolute",
          "top": 200,
        }
      }
    />
  </div>
</div>
`;
