// Jest Snapshot v1, https://goo.gl/fbAQLP

exports[`renders correctly 1`] = `
<div
  className="app"
>
  <div
    className="appBar"
  >
    In order for the tool to work properly, please make sure your broswer zoom is 100%
  </div>
  <div
    className="content"
  >
    <div
      className="toolSidebar"
    >
      <div
        className="sidebar"
      >
        <div
          className="categories"
        >
          <div
            className="categoryItem active"
            onClick={[Function]}
          >
            Flag
          </div>
          <div
            className="categoryItem"
            onClick={[Function]}
          >
            Vehicle
          </div>
          <div
            className="categoryItem"
            onClick={[Function]}
          >
            Aircraft
          </div>
          <div
            className="categoryItem"
            onClick={[Function]}
          >
            Ship
          </div>
        </div>
        <div
          className="categoryItem deleteIcon"
        >
          <img
            alt="dustbin"
            className="deleteImg"
            src="delete.png"
          />
        </div>
      </div>
      <div
        className="assetsBoard"
      >
        <div
          className="element"
        >
          <img
            alt="flag1"
            src="flag1.png"
          />
        </div>
        <div
          className="element"
        >
          <img
            alt="flag2"
            src="flag2.png"
          />
        </div>
        <div
          className="element"
        >
          <img
            alt="flag3"
            src="flag3.png"
          />
        </div>
        <div
          className="element"
        >
          <img
            alt="flag4"
            src="flag4.png"
          />
        </div>
      </div>
    </div>
    <div
      className="droppableMap"
    >
      <div
        className="mapWrapper"
      >
        <img
          alt="map"
          className="map"
          src="map.png"
        />
      </div>
    </div>
  </div>
  <div
    className="output"
  >
    <div
      className="action"
    >
      <button
        className="button"
        onClick={[Function]}
      >
        Display
      </button>
      <a
        className="button"
        download="level.json"
        href="data:application/octet-stream,[]"
      >
        Save level
      </a>
      <button
        className="button"
      >
        Upload level
        <input
          className="uploadBtn"
          id="file-selector"
          onChange={[Function]}
          type="file"
        />
      </button>
    </div>
    <pre
      className="outputJson"
    />
  </div>
</div>
`;
