// Jest Snapshot v1, https://goo.gl/fbAQLP

exports[`renders correctly 1`] = `
<DocumentFragment>
  <div
    class="app"
  >
    <div
      class="appBar"
    >
      In order for the tool to work properly, please make sure your broswer zoom is 100%
    </div>
    <div
      class="content"
    >
      <div
        class="toolSidebar"
      >
        <div
          class="sidebar"
        >
          <div
            class="categories"
          >
            <div
              class="categoryItem active"
            >
              Flag
            </div>
            <div
              class="categoryItem"
            >
              Vehicle
            </div>
            <div
              class="categoryItem"
            >
              Aircraft
            </div>
            <div
              class="categoryItem"
            >
              Ship
            </div>
          </div>
          <div
            class="categoryItem deleteIcon"
          >
            <img
              alt="dustbin"
              class="deleteImg"
              src="delete.png"
            />
          </div>
        </div>
        <div
          class="assetsBoard"
        >
          <div
            class="element"
          >
            <img
              alt="flag1"
              draggable="true"
              src="flag1.png"
            />
          </div>
          <div
            class="element"
          >
            <img
              alt="flag2"
              draggable="true"
              src="flag2.png"
            />
          </div>
          <div
            class="element"
          >
            <img
              alt="flag3"
              draggable="true"
              src="flag3.png"
            />
          </div>
          <div
            class="element"
          >
            <img
              alt="flag4"
              draggable="true"
              src="flag4.png"
            />
          </div>
        </div>
      </div>
      <div
        class="droppableMap"
      >
        <div
          class="mapWrapper"
        >
          <img
            alt="map"
            class="map"
            src="map.png"
          />
        </div>
      </div>
    </div>
    <div
      class="output"
    >
      <div
        class="action"
      >
        <button
          class="button"
        >
          Display
        </button>
        <a
          class="button"
          download="level.json"
          href="data:application/octet-stream,[]"
        >
          Save level
        </a>
        <button
          class="button"
        >
          Upload level
          <input
            class="uploadBtn"
            id="file-selector"
            type="file"
          />
        </button>
      </div>
      <pre
        class="outputJson"
      />
    </div>
  </div>
</DocumentFragment>
`;
